<html>
<body>
<pre>
<h1>µVision Build Log</h1>
<h2>Project:</h2>
E:\Practise\ANAND\sample.uvproj
Project File Date:  12/10/2023

<h2>Output:</h2>
Rebuild target 'Target 1'
assembling Startup.s...
compiling main.c...
compiling delay.c...
linking...
Program Size: Code=808 RO-data=16 RW-data=0 ZI-data=1256  
FromELF: creating hex file...
".\sample.axf" - 0 Error(s), 0 Warning(s).
hable
  return 0;
main.c: 1 warning, 0 errors
"main.c" - 0 Error(s), 1 Warning(s).
compiling main.c...
"main.c" - 0 Error(s), 0 Warning(s).

  return 0;
main.c: 1 warning, 0 errors
"main.c" - 0 Error(s), 1 Warning(s).
ble
  return 0;
main.c: 4 warnings, 0 errors
compiling delay.c...
types.h(8): warning:  #1-D: last line of file ends without a newline
  typedef double f64;
types.h(8): warning:  #1-D: last line of file ends without a newline
  typedef double f64;
delay.c(14): warning:  #1-D: last line of file ends without a newline
  }
delay.c: 3 warnings, 0 errors
linking...
Program Size: Code=808 RO-data=16 RW-data=0 ZI-data=1256  
FromELF: creating hex file...
".\sample.axf" - 0 Error(s), 7 Warning(s).
compiling main.c...
main.c(17): warning:  #111-D: statement is unreachable
  return 0;
main.c: 1 warning, 0 errors
"main.c" - 0 Error(s), 1 Warning(s).
